=== Original Scores ===
Housing.csv got this score: 0.29471602866098273
lungcancerpatient.csv got this score: 0.5680180180180181
seattle-weather.csv got this score: 0.2589402544228006
=== Poisoned Scores ===
Poisoned Datasets with manipulating percentage:  0.05
Housing.csv got this poisoned score: 0.3331201023508716
lungcancerpatient.csv got this poisoned score: 0.5215036465036464
seattle-weather.csv got this poisoned score: 0.2417491807322316
Poisoned Datasets with manipulating percentage:  0.1
Housing.csv got this poisoned score: 0.37097865812390013
lungcancerpatient.csv got this poisoned score: 0.4362203112203113
seattle-weather.csv got this poisoned score: 0.29788705943030774
Poisoned Datasets with manipulating percentage:  0.15
Housing.csv got this poisoned score: 0.4281659393480479
lungcancerpatient.csv got this poisoned score: 0.6391336989163077
seattle-weather.csv got this poisoned score: 0.3726404976404976
Poisoned Datasets with manipulating percentage:  0.2
Housing.csv got this poisoned score: 0.43552656396693096
lungcancerpatient.csv got this poisoned score: 0.6274399399399399
seattle-weather.csv got this poisoned score: 0.3918184014019725
Poisoned Datasets with manipulating percentage:  0.25
Housing.csv got this poisoned score: 0.4363736830697183
lungcancerpatient.csv got this poisoned score: 0.5891591591591591
seattle-weather.csv got this poisoned score: 0.43301165349358123
Poisoned Datasets with manipulating percentage:  0.3
Housing.csv got this poisoned score: 0.4269974015736728
lungcancerpatient.csv got this poisoned score: 0.6346731346731348
seattle-weather.csv got this poisoned score: 0.43234419253376605
Poisoned Datasets with manipulating percentage:  0.35
Housing.csv got this poisoned score: 0.43973801116658257
lungcancerpatient.csv got this poisoned score: 0.6438382827271716
seattle-weather.csv got this poisoned score: 0.45929134002156324
Poisoned Datasets with manipulating percentage:  0.4
Housing.csv got this poisoned score: 0.4615738835922323
lungcancerpatient.csv got this poisoned score: 0.5362237237237237
seattle-weather.csv got this poisoned score: 0.47610740324676754
Poisoned Datasets with manipulating percentage:  0.45
Housing.csv got this poisoned score: 0.5178381887242646
lungcancerpatient.csv got this poisoned score: 0.6944962203582893
seattle-weather.csv got this poisoned score: 0.4514695999115263
Poisoned Datasets with manipulating percentage:  0.5
Housing.csv got this poisoned score: 0.5089127353509239
lungcancerpatient.csv got this poisoned score: 0.6930430430430431
seattle-weather.csv got this poisoned score: 0.45380241035193114
Poisoned Datasets with manipulating percentage:  0.55
Housing.csv got this poisoned score: 0.5823756676837246
lungcancerpatient.csv got this poisoned score: 0.6885232006199749
seattle-weather.csv got this poisoned score: 0.44036624964186805
Poisoned Datasets with manipulating percentage:  0.6
Housing.csv got this poisoned score: 0.5445729780592167
lungcancerpatient.csv got this poisoned score: 0.6932010135135135
seattle-weather.csv got this poisoned score: 0.4707328638008998
Poisoned Datasets with manipulating percentage:  0.65
Housing.csv got this poisoned score: 0.5041260135809635
lungcancerpatient.csv got this poisoned score: 0.6944785694785695
seattle-weather.csv got this poisoned score: 0.49126761616388165
Poisoned Datasets with manipulating percentage:  0.7
Housing.csv got this poisoned score: 0.5159128226082871
lungcancerpatient.csv got this poisoned score: 0.6957251369016074
seattle-weather.csv got this poisoned score: 0.4568441982054548
Poisoned Datasets with manipulating percentage:  0.75
Housing.csv got this poisoned score: 0.48854755150662815
lungcancerpatient.csv got this poisoned score: 0.6907121407121407
seattle-weather.csv got this poisoned score: 0.4791601460615545
Poisoned Datasets with manipulating percentage:  0.8
Housing.csv got this poisoned score: 0.5481546001423677
lungcancerpatient.csv got this poisoned score: 0.6930263596930263
seattle-weather.csv got this poisoned score: 0.4696356303050864
Poisoned Datasets with manipulating percentage:  0.85
Housing.csv got this poisoned score: 0.5348168681502016
lungcancerpatient.csv got this poisoned score: 0.6932980277574871
seattle-weather.csv got this poisoned score: 0.5016904395142737
Poisoned Datasets with manipulating percentage:  0.9
Housing.csv got this poisoned score: 0.5329342720647068
lungcancerpatient.csv got this poisoned score: 0.6956495969653864
seattle-weather.csv got this poisoned score: 0.5006249492735979
Poisoned Datasets with manipulating percentage:  0.95
Housing.csv got this poisoned score: 0.5736927714328844
lungcancerpatient.csv got this poisoned score: 0.6985831985831986
seattle-weather.csv got this poisoned score: 0.5007054104666464
Poisoned Datasets with manipulating percentage:  1.0
Housing.csv got this poisoned score: 0.5329832302309366
lungcancerpatient.csv got this poisoned score: 0.6946884384384383
seattle-weather.csv got this poisoned score: 0.500807789308816
==== DONE ====
